$ time ch-2.pl -debug no_memoize,runtime -v | grep -v warning
switching off memoizing
Benchmark: timing 1 iterations of Generated Test 01 (4 boxes), Generated Test 02 (5 boxes), Generated Test 03 (6 boxes), Generated Test 04 (7 boxes), Generated Test 05 (8 boxes), Generated Test 06 (9 boxes), Generated Test 07 (10 boxes), Generated Test 08 (11 boxes), Generated Test 09 (12 boxes), Generated Test 10 (13 boxes), Generated Test 11 (14 boxes), Generated Test 12 (15 boxes), Generated Test 13 (16 boxes), Generated Test 14 (17 boxes), Generated Test 15 (18 boxes), Generated Test 16 (19 boxes), Generated Test 17 (20 boxes), Generated Test 18 (21 boxes), Generated Test 19 (22 boxes), Generated Test 20 (23 boxes), Generated Test 21 (24 boxes), Generated Test 22 (25 boxes), Generated Test 23 (26 boxes), Generated Test 24 (27 boxes), Generated Test 25 (28 boxes), Generated Test 26 (29 boxes), Generated Test 27 (30 boxes), Generated Test 28 (31 boxes)...
Generated Test 01 (4 boxes): 1.28746e-05 wallclock secs ( 0.00 usr +  0.00 sys =  0.00 CPU)
Generated Test 02 (5 boxes): 5.10216e-05 wallclock secs ( 0.00 usr +  0.00 sys =  0.00 CPU)
Generated Test 03 (6 boxes): 2.90871e-05 wallclock secs ( 0.00 usr +  0.00 sys =  0.00 CPU)
Generated Test 04 (7 boxes): 0.000771046 wallclock secs ( 0.00 usr +  0.00 sys =  0.00 CPU)
Generated Test 05 (8 boxes): 0.000287294 wallclock secs ( 0.00 usr +  0.00 sys =  0.00 CPU)
Generated Test 06 (9 boxes): 0.000322342 wallclock secs ( 0.00 usr +  0.00 sys =  0.00 CPU)
Generated Test 07 (10 boxes): 0.00182915 wallclock secs ( 0.00 usr +  0.00 sys =  0.00 CPU)
Generated Test 08 (11 boxes): 0.00141311 wallclock secs ( 0.00 usr +  0.00 sys =  0.00 CPU)
Generated Test 09 (12 boxes): 0.00199318 wallclock secs ( 0.00 usr +  0.00 sys =  0.00 CPU)
Generated Test 10 (13 boxes): 0.00404477 wallclock secs ( 0.00 usr +  0.00 sys =  0.00 CPU)
Generated Test 11 (14 boxes): 0.0293052 wallclock secs ( 0.02 usr +  0.00 sys =  0.02 CPU) @ 50.00/s (n=1)
Generated Test 12 (15 boxes): 0.0173872 wallclock secs ( 0.01 usr +  0.00 sys =  0.01 CPU) @ 100.00/s (n=1)
Generated Test 13 (16 boxes): 0.052099 wallclock secs ( 0.05 usr +  0.00 sys =  0.05 CPU) @ 20.00/s (n=1)
Generated Test 14 (17 boxes): 0.0834711 wallclock secs ( 0.08 usr +  0.00 sys =  0.08 CPU) @ 12.50/s (n=1)
Generated Test 15 (18 boxes): 0.172679 wallclock secs ( 0.17 usr +  0.00 sys =  0.17 CPU) @  5.88/s (n=1)
Generated Test 16 (19 boxes): 0.319532 wallclock secs ( 0.31 usr +  0.00 sys =  0.31 CPU) @  3.23/s (n=1)
Generated Test 17 (20 boxes): 0.647502 wallclock secs ( 0.64 usr +  0.00 sys =  0.64 CPU) @  1.56/s (n=1)
Generated Test 18 (21 boxes): 1.29071 wallclock secs ( 1.29 usr +  0.00 sys =  1.29 CPU) @  0.78/s (n=1)
Generated Test 19 (22 boxes): 2.80489 wallclock secs ( 2.80 usr +  0.00 sys =  2.80 CPU) @  0.36/s (n=1)
Generated Test 20 (23 boxes): 4.63645 wallclock secs ( 4.63 usr +  0.00 sys =  4.63 CPU) @  0.22/s (n=1)
Generated Test 21 (24 boxes): 9.15442 wallclock secs ( 9.15 usr +  0.00 sys =  9.15 CPU) @  0.11/s (n=1)
Generated Test 22 (25 boxes): 20.3426 wallclock secs (20.33 usr +  0.00 sys = 20.33 CPU) @  0.05/s (n=1)
Generated Test 23 (26 boxes): 41.118 wallclock secs (41.11 usr +  0.00 sys = 41.11 CPU) @  0.02/s (n=1)
Generated Test 24 (27 boxes): 79.7674 wallclock secs (79.75 usr +  0.00 sys = 79.75 CPU) @  0.01/s (n=1)
Generated Test 25 (28 boxes): 157.926 wallclock secs (157.88 usr +  0.01 sys = 157.89 CPU) @  0.01/s (n=1)
Generated Test 26 (29 boxes): 329.835 wallclock secs (329.77 usr +  0.00 sys = 329.77 CPU) @  0.00/s (n=1)
Generated Test 27 (30 boxes): 660.693 wallclock secs (660.58 usr +  0.00 sys = 660.58 CPU) @  0.00/s (n=1)
Generated Test 28 (31 boxes): 1284.24 wallclock secs (1284.06 usr +  0.01 sys = 1284.07 CPU) @  0.00/s (n=1)

real	43m13.708s
user	43m13.265s
sys	0m0.049s
